// Jest Snapshot v1, https://goo.gl/fbAQLP

exports[`renders correctly 1`] = `
<div
  className="my-6 flex flex-row items-center cursor-pointer"
>
  <div
    className="hidden md:flex rounded-lg object-contain w-20 h-20 mr-4 gatsby-image-wrapper"
    style={
      Object {
        "maxHeight": null,
        "maxWidth": null,
        "overflow": "hidden",
        "position": "relative",
      }
    }
  >
    <div
      aria-hidden={true}
      style={
        Object {
          "paddingBottom": "Infinity%",
          "width": "100%",
        }
      }
    />
    <picture>
      
      <img
        alt=""
        loading="lazy"
        onLoad={[Function]}
        sizes=""
        src=""
        srcSet=""
        style={
          Object {
            "height": "100%",
            "left": 0,
            "objectFit": "cover",
            "objectPosition": "center",
            "opacity": 0,
            "position": "absolute",
            "top": 0,
            "transition": "opacity 500ms",
            "width": "100%",
          }
        }
      />
    </picture>
    <noscript
      dangerouslySetInnerHTML={
        Object {
          "__html": "<picture><source srcset=\\"\\" /><img loading=\\"lazy\\" src=\\"\\" alt=\\"\\" style=\\"position:absolute;top:0;left:0;opacity:1;width:100%;height:100%;object-fit:cover;object-position:center\\"/></picture>",
        }
      }
    />
  </div>
  <div>
    <p
      className="font-bold text-purple-700 text-xs"
    >
      TAG
    </p>
    <h2
      className="font-extrabold text-gray-900 text-xl"
    >
      TITLE
    </h2>
    <p
      className="font-medium text-gray-900 text-xs"
    >
      DATE
    </p>
  </div>
</div>
`;
